// Jest Snapshot v1, https://goo.gl/fbAQLP

exports[`Route based code splitting & Suspense Lazy loaded route components & Suspense implemented and working as expected! 1`] = `"<div class=\\"App\\"><div class=\\"header\\"><a href=\\"/\\"><div class=\\"btn\\">Home</div></a><a id=\\"photos-btn\\" href=\\"/photos\\"><div class=\\"btn\\">Photos</div></a><a id=\\"posts-btn\\" href=\\"/posts\\"><div class=\\"btn\\">Posts</div></a></div><div class=\\"content\\"><div class=\\"photos\\"><div class=\\"photo\\"><img src=\\"https://via.placeholder.com/200/56a8c2\\" alt=\\"accusamus ea aliquid et amet sequi nemo\\"></div></div></div></div>"`;

exports[`Route based code splitting & Suspense Lazy loaded route components & Suspense implemented and working as expected! 2`] = `
"<div class=\\"App\\"><div class=\\"header\\"><a href=\\"/\\"><div class=\\"btn\\">Home</div></a><a id=\\"photos-btn\\" href=\\"/photos\\"><div class=\\"btn\\">Photos</div></a><a id=\\"posts-btn\\" href=\\"/posts\\"><div class=\\"btn\\">Posts</div></a></div><div class=\\"content\\"><div class=\\"posts\\"><div class=\\"post\\"><div class=\\"title\\">nesciunt quas odio</div><div class=\\"body\\">repudiandae veniam quaerat sunt sed
alias aut fugiat sit autem sed est
voluptatem omnis possimus esse voluptatibus quis
est aut tenetur dolor neque</div></div></div></div></div>"
`;
