// Jest Snapshot v1, https://goo.gl/fbAQLP

exports[`2.3 - JSX Renders a successful snapshot 1`] = `"<div class=\\"app-container\\"><div class=\\"app-title\\">Great Books</div><div class=\\"book\\"><div class=\\"book-title\\">Gold</div><div class=\\"book-author\\">ISAAC ASIMOV</div></div><div class=\\"book\\"><div class=\\"book-title\\">Contact</div><div class=\\"book-author\\">CARL SAGAN</div></div><div class=\\"book\\"><div class=\\"book-title\\">The Design of Everyday Things</div><div class=\\"book-author\\">DON NORMAN</div></div><div class=\\"book\\"><div class=\\"book-title\\">Shantaram</div><div class=\\"book-author\\">GREGORY DAVID ROBERTS</div></div><div class=\\"book\\"><div class=\\"book-title\\">No Logo</div><div class=\\"book-author\\">NAOMI KLEIN</div></div></div>"`;
